
PROGRAM "G:\docs\hse\Vorlesungen\CA3\Studi-CD\Beispiele\00_IDE-Test\bin\Monitor.abs"

*********************************************************************************************
TARGET SECTION
---------------------------------------------------------------------------------------------
Processor   : Freescale HC12
Memory Model: SMALL
File Format : ELF\DWARF 2.0
Linker      : SmartLinker V-5.0.33 Build 8093, Apr  3 2008

*********************************************************************************************
FILE SECTION
---------------------------------------------------------------------------------------------
main.asm.o                              Model: SMALL,         Lang: Assembler

*********************************************************************************************
STARTUP SECTION
---------------------------------------------------------------------------------------------
Entry point: 0xC000 (Entry)

*********************************************************************************************
SECTION-ALLOCATION SECTION
Section Name                    Size  Type     From       To       Segment
---------------------------------------------------------------------------------------------
.init                             82     R     0xC000     0xC051   ROM_C000
MY_EXTENDED_RAM                    1   R/W     0x1000     0x1000   RAM
STACK_RAM                        100   R/W     0x1001     0x1064   RAM
.stack                           256   R/W     0x1065     0x1164   RAM
.vectSeg0_vect                     2     R     0xFFFE     0xFFFF   .vectSeg0

Summary of section sizes per section type:
READ_ONLY (R):          54 (dec:       84)
READ_WRITE (R/W):      165 (dec:      357)

*********************************************************************************************
VECTOR-ALLOCATION SECTION
    Address     InitValue   InitFunction
---------------------------------------------------------------------------------------------
     0xFFFE        0xC000   Entry

*********************************************************************************************
OBJECT-ALLOCATION SECTION
     Name               Module                 Addr   hSize   dSize     Ref    Section   RLIB
---------------------------------------------------------------------------------------------
MODULE:                 -- main.asm.o --
- PROCEDURES:
     Entry                                     C000      11      17       0   .init       
     main                                      C000       0       0       0   .init       
     loop                                      C011      3B      59       0   .init       
     delay                                     C04C       6       6       4   .init       
- VARIABLES:
     platzhalter                               1000       1       1       1   MY_EXTENDED_RAM
     stack                                     1001      64     100       1   STACK_RAM   

*********************************************************************************************
MODULE STATISTIC
  Name                                      Data   Code  Const
---------------------------------------------------------------------------------------------
  main.asm.o                                 101     82      0
  other                                      256      2      0

*********************************************************************************************
SECTION USE IN OBJECT-ALLOCATION SECTION
---------------------------------------------------------------------------------------------
SECTION: ".init"
  main Entry loop delay 
SECTION: "MY_EXTENDED_RAM"
  platzhalter 
SECTION: "STACK_RAM"
  stack 

*********************************************************************************************
OBJECT LIST SORTED BY ADDRESS
     Name                                      Addr   hSize   dSize     Ref    Section   RLIB
---------------------------------------------------------------------------------------------
     platzhalter                               1000       1       1       1   MY_EXTENDED_RAM
     stack                                     1001      64     100       1   STACK_RAM   
     main                                      C000       0       0       0   .init       
     Entry                                     C000      11      17       0   .init       
     loop                                      C011      3B      59       0   .init       
     delay                                     C04C       6       6       4   .init       

*********************************************************************************************
UNUSED-OBJECTS SECTION
---------------------------------------------------------------------------------------------

*********************************************************************************************
COPYDOWN SECTION
---------------------------------------------------------------------------------------------

*********************************************************************************************
OBJECT-DEPENDENCIES SECTION
---------------------------------------------------------------------------------------------
Entry                     USES stack 
loop                      USES platzhalter delay 

*********************************************************************************************
DEPENDENCY TREE
*********************************************************************************************
 main and _Startup Group
 | 
 +- main                
 |    
 +- Entry               
      
*********************************************************************************************
STATISTIC SECTION
---------------------------------------------------------------------------------------------

ExeFile:
--------
Number of blocks to be downloaded: 2
Total size of all blocks to be downloaded: 84

